Archive member included to satisfy reference by file (symbol)

/home/harshit/st/stm32cubeide_1.19.0/plugins/com.st.stm32cube.ide.mcu.externaltools.gnu-tools-for-stm32.13.3.rel1.linux64_1.0.0.202410170706/tools/bin/../lib/gcc/arm-none-eabi/13.3.1/../../../../arm-none-eabi/lib/thumb/v7-m/nofp/libc_nano.a(libc_a-exit.o)
                              /home/harshit/st/stm32cubeide_1.19.0/plugins/com.st.stm32cube.ide.mcu.externaltools.gnu-tools-for-stm32.13.3.rel1.linux64_1.0.0.202410170706/tools/bin/../lib/gcc/arm-none-eabi/13.3.1/../../../../arm-none-eabi/lib/thumb/v7-m/nofp/crt0.o (exit)
/home/harshit/st/stm32cubeide_1.19.0/plugins/com.st.stm32cube.ide.mcu.externaltools.gnu-tools-for-stm32.13.3.rel1.linux64_1.0.0.202410170706/tools/bin/../lib/gcc/arm-none-eabi/13.3.1/../../../../arm-none-eabi/lib/thumb/v7-m/nofp/libc_nano.a(libc_a-findfp.o)
                              /home/harshit/st/stm32cubeide_1.19.0/plugins/com.st.stm32cube.ide.mcu.externaltools.gnu-tools-for-stm32.13.3.rel1.linux64_1.0.0.202410170706/tools/bin/../lib/gcc/arm-none-eabi/13.3.1/../../../../arm-none-eabi/lib/thumb/v7-m/nofp/libc_nano.a(libc_a-exit.o) (__stdio_exit_handler)
/home/harshit/st/stm32cubeide_1.19.0/plugins/com.st.stm32cube.ide.mcu.externaltools.gnu-tools-for-stm32.13.3.rel1.linux64_1.0.0.202410170706/tools/bin/../lib/gcc/arm-none-eabi/13.3.1/../../../../arm-none-eabi/lib/thumb/v7-m/nofp/libc_nano.a(libc_a-fwalk.o)
                              /home/harshit/st/stm32cubeide_1.19.0/plugins/com.st.stm32cube.ide.mcu.externaltools.gnu-tools-for-stm32.13.3.rel1.linux64_1.0.0.202410170706/tools/bin/../lib/gcc/arm-none-eabi/13.3.1/../../../../arm-none-eabi/lib/thumb/v7-m/nofp/libc_nano.a(libc_a-findfp.o) (_fwalk_sglue)
/home/harshit/st/stm32cubeide_1.19.0/plugins/com.st.stm32cube.ide.mcu.externaltools.gnu-tools-for-stm32.13.3.rel1.linux64_1.0.0.202410170706/tools/bin/../lib/gcc/arm-none-eabi/13.3.1/../../../../arm-none-eabi/lib/thumb/v7-m/nofp/libc_nano.a(libc_a-stdio.o)
                              /home/harshit/st/stm32cubeide_1.19.0/plugins/com.st.stm32cube.ide.mcu.externaltools.gnu-tools-for-stm32.13.3.rel1.linux64_1.0.0.202410170706/tools/bin/../lib/gcc/arm-none-eabi/13.3.1/../../../../arm-none-eabi/lib/thumb/v7-m/nofp/libc_nano.a(libc_a-findfp.o) (__sread)
/home/harshit/st/stm32cubeide_1.19.0/plugins/com.st.stm32cube.ide.mcu.externaltools.gnu-tools-for-stm32.13.3.rel1.linux64_1.0.0.202410170706/tools/bin/../lib/gcc/arm-none-eabi/13.3.1/../../../../arm-none-eabi/lib/thumb/v7-m/nofp/libc_nano.a(libc_a-memset.o)
                              /home/harshit/st/stm32cubeide_1.19.0/plugins/com.st.stm32cube.ide.mcu.externaltools.gnu-tools-for-stm32.13.3.rel1.linux64_1.0.0.202410170706/tools/bin/../lib/gcc/arm-none-eabi/13.3.1/../../../../arm-none-eabi/lib/thumb/v7-m/nofp/crt0.o (memset)
/home/harshit/st/stm32cubeide_1.19.0/plugins/com.st.stm32cube.ide.mcu.externaltools.gnu-tools-for-stm32.13.3.rel1.linux64_1.0.0.202410170706/tools/bin/../lib/gcc/arm-none-eabi/13.3.1/../../../../arm-none-eabi/lib/thumb/v7-m/nofp/libc_nano.a(libc_a-closer.o)
                              /home/harshit/st/stm32cubeide_1.19.0/plugins/com.st.stm32cube.ide.mcu.externaltools.gnu-tools-for-stm32.13.3.rel1.linux64_1.0.0.202410170706/tools/bin/../lib/gcc/arm-none-eabi/13.3.1/../../../../arm-none-eabi/lib/thumb/v7-m/nofp/libc_nano.a(libc_a-stdio.o) (_close_r)
/home/harshit/st/stm32cubeide_1.19.0/plugins/com.st.stm32cube.ide.mcu.externaltools.gnu-tools-for-stm32.13.3.rel1.linux64_1.0.0.202410170706/tools/bin/../lib/gcc/arm-none-eabi/13.3.1/../../../../arm-none-eabi/lib/thumb/v7-m/nofp/libc_nano.a(libc_a-reent.o)
                              /home/harshit/st/stm32cubeide_1.19.0/plugins/com.st.stm32cube.ide.mcu.externaltools.gnu-tools-for-stm32.13.3.rel1.linux64_1.0.0.202410170706/tools/bin/../lib/gcc/arm-none-eabi/13.3.1/../../../../arm-none-eabi/lib/thumb/v7-m/nofp/libc_nano.a(libc_a-closer.o) (errno)
/home/harshit/st/stm32cubeide_1.19.0/plugins/com.st.stm32cube.ide.mcu.externaltools.gnu-tools-for-stm32.13.3.rel1.linux64_1.0.0.202410170706/tools/bin/../lib/gcc/arm-none-eabi/13.3.1/../../../../arm-none-eabi/lib/thumb/v7-m/nofp/libc_nano.a(libc_a-impure.o)
                              /home/harshit/st/stm32cubeide_1.19.0/plugins/com.st.stm32cube.ide.mcu.externaltools.gnu-tools-for-stm32.13.3.rel1.linux64_1.0.0.202410170706/tools/bin/../lib/gcc/arm-none-eabi/13.3.1/../../../../arm-none-eabi/lib/thumb/v7-m/nofp/libc_nano.a(libc_a-reent.o) (_impure_ptr)
/home/harshit/st/stm32cubeide_1.19.0/plugins/com.st.stm32cube.ide.mcu.externaltools.gnu-tools-for-stm32.13.3.rel1.linux64_1.0.0.202410170706/tools/bin/../lib/gcc/arm-none-eabi/13.3.1/../../../../arm-none-eabi/lib/thumb/v7-m/nofp/libc_nano.a(libc_a-lseekr.o)
[...]
Memory Configuration

Name             Origin             Length             Attributes
RAM              0x20000000         0x00005000         xrw
FLASH            0x08000000         0x00010000         xr
*default*        0x00000000         0xffffffff

Linker script and memory map

LOAD /home/harshit/st/stm32cubeide_1.19.0/plugins/com.st.stm32cube.ide.mcu.externaltools.gnu-tools-for-stm32.13.3.rel1.linux64_1.0.0.202410170706/tools/bin/../lib/gcc/arm-none-eabi/13.3.1/thumb/v7-m/nofp/crti.o
LOAD /home/harshit/st/stm32cubeide_1.19.0/plugins/com.st.stm32cube.ide.mcu.externaltools.gnu-tools-for-stm32.13.3.rel1.linux64_1.0.0.202410170706/tools/bin/../lib/gcc/arm-none-eabi/13.3.1/thumb/v7-m/nofp/crtbegin.o
LOAD /home/harshit/st/stm32cubeide_1.19.0/plugins/com.st.stm32cube.ide.mcu.externaltools.gnu-tools-for-stm32.13.3.rel1.linux64_1.0.0.202410170706/tools/bin/../lib/gcc/arm-none-eabi/13.3.1/../../../../arm-none-eabi/lib/thumb/v7-m/nofp/crt0.o
LOAD ./Core/Src/main.o
LOAD ./Core/Src/stm32f1xx_hal_msp.o
LOAD ./Core/Src/stm32f1xx_it.o
LOAD ./Core/Src/syscalls.o
LOAD ./Core/Src/sysmem.o
LOAD ./Core/Src/system_stm32f1xx.o
LOAD ./Core/Startup/startup_stm32f103c8tx.o
LOAD ./Drivers/STM32F1xx_HAL_Driver/Src/stm32f1xx_hal.o
LOAD ./Drivers/STM32F1xx_HAL_Driver/Src/stm32f1xx_hal_adc.o
LOAD ./Drivers/STM32F1xx_HAL_Driver/Src/stm32f1xx_hal_adc_ex.o
LOAD ./Drivers/STM32F1xx_HAL_Driver/Src/stm32f1xx_hal_can.o
LOAD ./Drivers/STM32F1xx_HAL_Driver/Src/stm32f1xx_hal_cortex.o
LOAD ./Drivers/STM32F1xx_HAL_Driver/Src/stm32f1xx_hal_dma.o
LOAD ./Drivers/STM32F1xx_HAL_Driver/Src/stm32f1xx_hal_exti.o
LOAD ./Drivers/STM32F1xx_HAL_Driver/Src/stm32f1xx_hal_flash.o
LOAD ./Drivers/STM32F1xx_HAL_Driver/Src/stm32f1xx_hal_flash_ex.o
LOAD ./Drivers/STM32F1xx_HAL_Driver/Src/stm32f1xx_hal_gpio.o
LOAD ./Drivers/STM32F1xx_HAL_Driver/Src/stm32f1xx_hal_gpio_ex.o
LOAD ./Drivers/STM32F1xx_HAL_Driver/Src/stm32f1xx_hal_pwr.o
LOAD ./Drivers/STM32F1xx_HAL_Driver/Src/stm32f1xx_hal_rcc.o
LOAD ./Drivers/STM32F1xx_HAL_Driver/Src/stm32f1xx_hal_rcc_ex.o
LOAD ./Drivers/STM32F1xx_HAL_Driver/Src/stm32f1xx_hal_tim.o
LOAD ./Drivers/STM32F1xx_HAL_Driver/Src/stm32f1xx_hal_tim_ex.o
START GROUP
LOAD /home/harshit/st/stm32cubeide_1.19.0/plugins/com.st.stm32cube.ide.mcu.externaltools.gnu-tools-for-stm32.13.3.rel1.linux64_1.0.0.202410170706/tools/bin/../lib/gcc/arm-none-eabi/13.3.1/../../../../arm-none-eabi/lib/thumb/v7-m/nofp/libc_nano.a
LOAD /home/harshit/st/stm32cubeide_1.19.0/plugins/com.st.stm32cube.ide.mcu.externaltools.gnu-tools-for-stm32.13.3.rel1.linux64_1.0.0.202410170706/tools/bin/../lib/gcc/arm-none-eabi/13.3.1/../../../../arm-none-eabi/lib/thumb/v7-m/nofp/libm.a
END GROUP
START GROUP
LOAD /home/harshit/st/stm32cubeide_1.19.0/plugins/com.st.stm32cube.ide.mcu.externaltools.gnu-tools-for-stm32.13.3.rel1.linux64_1.0.0.202410170706/tools/bin/../lib/gcc/arm-none-eabi/13.3.1/thumb/v7-m/nofp/libgcc.a
LOAD /home/harshit/st/stm32cubeide_1.19.0/plugins/com.st.stm32cube.ide.mcu.externaltools.gnu-tools-for-stm32.13.3.rel1.linux64_1.0.0.202410170706/tools/bin/../lib/gcc/arm-none-eabi/13.3.1/../../../../arm-none-eabi/lib/thumb/v7-m/nofp/libc_nano.a
END GROUP
START GROUP
LOAD /home/harshit/st/stm32cubeide_1.19.0/plugins/com.st.stm32cube.ide.mcu.externaltools.gnu-tools-for-stm32.13.3.rel1.linux64_1.0.0.202410170706/tools/bin/../lib/gcc/arm-none-eabi/13.3.1/thumb/v7-m/nofp/libgcc.a
LOAD /home/harshit/st/stm32cubeide_1.19.0/plugins/com.st.stm32cube.ide.mcu.externaltools.gnu-tools-for-stm32.13.3.rel1.linux64_1.0.0.202410170706/tools/bin/../lib/gcc/arm-none-eabi/13.3.1/../../../../arm-none-eabi/lib/thumb/v7-m/nofp/libc_nano.a
LOAD /home/harshit/st/stm32cubeide_1.19.0/plugins/com.st.stm32cube.ide.mcu.externaltools.gnu-tools-for-stm32.13.3.rel1.linux64_1.0.0.202410170706/tools/bin/../lib/gcc/arm-none-eabi/13.3.1/../../../../arm-none-eabi/lib/thumb/v7-m/nofp/libnosys.a
END GROUP
START GROUP
LOAD /home/harshit/st/stm32cubeide_1.19.0/plugins/com.st.stm32cube.ide.mcu.externaltools.gnu-tools-for-stm32.13.3.rel1.linux64_1.0.0.202410170706/tools/bin/../lib/gcc/arm-none-eabi/13.3.1/thumb/v7-m/nofp/libgcc.a
LOAD /home/harshit/st/stm32cubeide_1.19.0/plugins/com.st.stm32cube.ide.mcu.externaltools.gnu-tools-for-stm32.13.3.rel1.linux64_1.0.0.202410170706/tools/bin/../lib/gcc/arm-none-eabi/13.3.1/../../../../arm-none-eabi/lib/thumb/v7-m/nofp/libc_nano.a
LOAD /home/harshit/st/stm32cubeide_1.19.0/plugins/com.st.stm32cube.ide.mcu.externaltools.gnu-tools-for-stm32.13.3.rel1.linux64_1.0.0.202410170706/tools/bin/../lib/gcc/arm-none-eabi/13.3.1/../../../../arm-none-eabi/lib/thumb/v7-m/nofp/libnosys.a
END GROUP
LOAD /home/harshit/st/stm32cubeide_1.19.0/plugins/com.st.stm32cube.ide.mcu.externaltools.gnu-tools-for-stm32.13.3.rel1.linux64_1.0.0.202410170706/tools/bin/../lib/gcc/arm-none-eabi/13.3.1/thumb/v7-m/nofp/crtend.o
LOAD /home/harshit/st/stm32cubeide_1.19.0/plugins/com.st.stm32cube.ide.mcu.externaltools.gnu-tools-for-stm32.13.3.rel1.linux64_1.0.0.202410170706/tools/bin/../lib/gcc/arm-none-eabi/13.3.1/thumb/v7-m/nofp/crtn.o
                0x20005000                        _estack = (ORIGIN (RAM) + LENGTH (RAM))
                0x00000200                        _Min_Heap_Size = 0x200
                0x00000400                        _Min_Stack_Size = 0x400

.isr_vector     0x08000000      0x10c
                0x08000000                        . = ALIGN (0x4)
 *(.isr_vector)
 .isr_vector    0x08000000      0x10c ./Core/Startup/startup_stm32f103c8tx.o
                0x08000000                g_pfnVectors
                0x0800010c                        . = ALIGN (0x4)

.text           0x08000110     0x52ac
                0x08000110                        . = ALIGN (0x4)
 *(.text)
 .text          0x08000110       0x40 /home/harshit/st/stm32cubeide_1.19.0/plugins/com.st.stm32cube.ide.mcu.externaltools.gnu-tools-for-stm32.13.3.rel1.linux64_1.0.0.202410170706/tools/bin/../lib/gcc/arm-none-eabi/13.3.1/thumb/v7-m/nofp/crtbegin.o
 .text          0x08000150      0x378 /home/harshit/st/stm32cubeide_1.19.0/plugins/com.st.stm32cube.ide.mcu.externaltools.gnu-tools-for-stm32.13.3.rel1.linux64_1.0.0.202410170706/tools/bin/../lib/gcc/arm-none-eabi/13.3.1/thumb/v7-m/nofp/libgcc.a(_arm_addsubdf3.o)
                0x08000150                __aeabi_drsub
                0x08000158                __aeabi_dsub
                0x08000158                __subdf3
                0x0800015c                __adddf3
                0x0800015c                __aeabi_dadd
                0x080003d4                __aeabi_ui2d
                0x080003d4                __floatunsidf
                0x080003f4                __floatsidf
                0x080003f4                __aeabi_i2d
                0x08000418                __extendsfdf2
                0x08000418                __aeabi_f2d
                0x0800045c                __aeabi_ul2d
                0x0800045c                __floatundidf
                0x0800046c                __floatdidf
                0x0800046c                __aeabi_l2d
 .text          0x080004c8      0x424 /home/harshit/st/stm32cubeide_1.19.0/plugins/com.st.stm32cube.ide.mcu.externaltools.gnu-tools-for-stm32.13.3.rel1.linux64_1.0.0.202410170706/tools/bin/../lib/gcc/arm-none-eabi/13.3.1/thumb/v7-m/nofp/libgcc.a(_arm_muldivdf3.o)
                0x080004c8                __aeabi_dmul
                0x080004c8                __muldf3
                0x0800071c                __aeabi_ddiv
                0x0800071c                __divdf3
 .text          0x080008ec       0x40 /home/harshit/st/stm32cubeide_1.19.0/plugins/com.st.stm32cube.ide.mcu.externaltools.gnu-tools-for-stm32.13.3.rel1.linux64_1.0.0.202410170706/tools/bin/../lib/gcc/arm-none-eabi/13.3.1/thumb/v7-m/nofp/libgcc.a(_arm_fixunsdfsi.o)
                0x080008ec                __fixunsdfsi
                0x080008ec                __aeabi_d2uiz
 .text          0x0800092c       0xa0 /home/harshit/st/stm32cubeide_1.19.0/plugins/com.st.stm32cube.ide.mcu.externaltools.gnu-tools-for-stm32.13.3.rel1.linux64_1.0.0.202410170706/tools/bin/../lib/gcc/arm-none-eabi/13.3.1/thumb/v7-m/nofp/libgcc.a(_arm_truncdfsf2.o)
                0x0800092c                __aeabi_d2f
                0x0800092c                __truncdfsf2
 .text          0x080009cc      0x21c /home/harshit/st/stm32cubeide_1.19.0/plugins/com.st.stm32cube.ide.mcu.externaltools.gnu-tools-for-stm32.13.3.rel1.linux64_1.0.0.202410170706/tools/bin/../lib/gcc/arm-none-eabi/13.3.1/thumb/v7-m/nofp/libgcc.a(_arm_addsubsf3.o)
                0x080009cc                __aeabi_frsub
                0x080009d4                __subsf3
                0x080009d4                __aeabi_fsub
                0x080009d8                __aeabi_fadd
                0x080009d8                __addsf3
                0x08000b38                __aeabi_ui2f
                0x08000b38                __floatunsisf
                0x08000b40                __aeabi_i2f
                0x08000b40                __floatsisf
                0x08000b5c                __floatundisf
                0x08000b5c                __aeabi_ul2f
                0x08000b6c                __floatdisf
                0x08000b6c                __aeabi_l2f
 .text          0x08000be8      0x2a0 /home/harshit/st/stm32cubeide_1.19.0/plugins/com.st.stm32cube.ide.mcu.externaltools.gnu-tools-for-stm32.13.3.rel1.linux64_1.0.0.202410170706/tools/bin/../lib/gcc/arm-none-eabi/13.3.1/thumb/v7-m/nofp/libgcc.a(_arm_muldivsf3.o)
                0x08000be8                __mulsf3
                0x08000be8                __aeabi_fmul
                0x08000d50                __divsf3
                0x08000d50                __aeabi_fdiv
 .text          0x08000e88       0xec /home/harshit/st/stm32cubeide_1.19.0/plugins/com.st.stm32cube.ide.mcu.externaltools.gnu-tools-for-stm32.13.3.rel1.linux64_1.0.0.202410170706/tools/bin/../lib/gcc/arm-none-eabi/13.3.1/thumb/v7-m/nofp/libgcc.a(_arm_cmpsf2.o)
                0x08000e88                __gtsf2
                0x08000e88                __gesf2
                0x08000e90                __lesf2
                0x08000e90                __ltsf2
                0x08000e98                __nesf2
                0x08000e98                __eqsf2
                0x08000e98                __cmpsf2
                0x08000ef8                __aeabi_cfrcmple
                0x08000f00                __aeabi_cfcmple
                0x08000f00                __aeabi_cfcmpeq
                0x08000f10                __aeabi_fcmpeq
                0x08000f24                __aeabi_fcmplt
                0x08000f38                __aeabi_fcmple
                0x08000f4c                __aeabi_fcmpge
                0x08000f60                __aeabi_fcmpgt
 .text          0x08000f74       0x4c /home/harshit/st/stm32cubeide_1.19.0/plugins/com.st.stm32cube.ide.mcu.externaltools.gnu-tools-for-stm32.13.3.rel1.linux64_1.0.0.202410170706/tools/bin/../lib/gcc/arm-none-eabi/13.3.1/thumb/v7-m/nofp/libgcc.a(_arm_fixsfsi.o)
                0x08000f74                __fixsfsi
                0x08000f74                __aeabi_f2iz
 .text          0x08000fc0       0x40 /home/harshit/st/stm32cubeide_1.19.0/plugins/com.st.stm32cube.ide.mcu.externaltools.gnu-tools-for-stm32.13.3.rel1.linux64_1.0.0.202410170706/tools/bin/../lib/gcc/arm-none-eabi/13.3.1/thumb/v7-m/nofp/libgcc.a(_arm_fixunssfsi.o)
                0x08000fc0                __aeabi_f2uiz
                0x08000fc0                __fixunssfsi
 *(.text*)
 .text.rounding
                0x08001000       0x5c ./Core/Src/main.o
                0x08001000                rounding
 .text.HAL_ADC_ConvCpltCallback
                0x0800105c       0x28 ./Core/Src/main.o
                0x0800105c                HAL_ADC_ConvCpltCallback
 *fill*         0x08001084        0x4 
 .text.main     0x08001088      0x278 ./Core/Src/main.o
                0x08001088                main
 .text.SystemClock_Config
                0x08001300       0xb6 ./Core/Src/main.o
                0x08001300                SystemClock_Config
 *fill*         0x080013b6        0x2 
 .text.MX_ADC1_Init
                0x080013b8       0x7c ./Core/Src/main.o
 .text.MX_CAN_Init
                0x08001434       0xa8 ./Core/Src/main.o
 .text.MX_TIM2_Init
                0x080014dc       0xe8 ./Core/Src/main.o
 .text.MX_TIM4_Init
                0x080015c4       0xa8 ./Core/Src/main.o
 .text.MX_GPIO_Init
                0x0800166c      0x108 ./Core/Src/main.o
 .text.HAL_CAN_RxFifo1MsgPendingCallback
                0x08001774      0x2f8 ./Core/Src/main.o
                0x08001774                HAL_CAN_RxFifo1MsgPendingCallback
 .text.resetEncoder
                0x08001a6c       0x50 ./Core/Src/main.o
                0x08001a6c                resetEncoder
 .text.Error_Handler
                0x08001abc        0xc ./Core/Src/main.o
                0x08001abc                Error_Handler
 .text.HAL_MspInit
                0x08001ac8       0x64 ./Core/Src/stm32f1xx_hal_msp.o
                0x08001ac8                HAL_MspInit
 .text.HAL_ADC_MspInit
                0x08001b2c       0x88 ./Core/Src/stm32f1xx_hal_msp.o
                0x08001b2c                HAL_ADC_MspInit
 .text.HAL_CAN_MspInit
                0x08001bb4       0xd0 ./Core/Src/stm32f1xx_hal_msp.o
                0x08001bb4                HAL_CAN_MspInit
 .text.HAL_TIM_Base_MspInit
                0x08001c84       0x38 ./Core/Src/stm32f1xx_hal_msp.o
                0x08001c84                HAL_TIM_Base_MspInit
 .text.HAL_TIM_Encoder_MspInit
                0x08001cbc       0x8c ./Core/Src/stm32f1xx_hal_msp.o
                0x08001cbc                HAL_TIM_Encoder_MspInit
 .text.HAL_TIM_MspPostInit
                0x08001d48       0x60 ./Core/Src/stm32f1xx_hal_msp.o
                0x08001d48                HAL_TIM_MspPostInit
 .text.NMI_Handler
                0x08001da8        0x8 ./Core/Src/stm32f1xx_it.o
                0x08001da8                NMI_Handler
 .text.HardFault_Handler
                0x08001db0        0x8 ./Core/Src/stm32f1xx_it.o
                0x08001db0                HardFault_Handler
 .text.MemManage_Handler
                0x08001db8        0x8 ./Core/Src/stm32f1xx_it.o
                0x08001db8                MemManage_Handler
 .text.BusFault_Handler
                0x08001dc0        0x8 ./Core/Src/stm32f1xx_it.o
                0x08001dc0                BusFault_Handler
 .text.UsageFault_Handler
                0x08001dc8        0x8 ./Core/Src/stm32f1xx_it.o
                0x08001dc8                UsageFault_Handler
 .text.SVC_Handler
                0x08001dd0        0xc ./Core/Src/stm32f1xx_it.o
                0x08001dd0                SVC_Handler
 .text.DebugMon_Handler
                0x08001ddc        0xc ./Core/Src/stm32f1xx_it.o
                0x08001ddc                DebugMon_Handler
 .text.PendSV_Handler
                0x08001de8        0xc ./Core/Src/stm32f1xx_it.o
                0x08001de8                PendSV_Handler
 .text.SysTick_Handler
                0x08001df4        0xc ./Core/Src/stm32f1xx_it.o
                0x08001df4                SysTick_Handler
 .text.ADC1_2_IRQHandler
                0x08001e00       0x14 ./Core/Src/stm32f1xx_it.o
                0x08001e00                ADC1_2_IRQHandler
 .text.CAN1_RX1_IRQHandler
                0x08001e14       0x14 ./Core/Src/stm32f1xx_it.o
                0x08001e14                CAN1_RX1_IRQHandler
 .text.TIM4_IRQHandler
                0x08001e28       0x14 ./Core/Src/stm32f1xx_it.o
                0x08001e28                TIM4_IRQHandler
 .text.SystemInit
                0x08001e3c        0xc ./Core/Src/system_stm32f1xx.o
                0x08001e3c                SystemInit
 .text.Reset_Handler
                0x08001e48       0x48 ./Core/Startup/startup_stm32f103c8tx.o
                0x08001e48                Reset_Handler
 .text.Default_Handler
                0x08001e90        0x2 ./Core/Startup/startup_stm32f103c8tx.o
                0x08001e90                RTC_Alarm_IRQHandler
                0x08001e90                EXTI2_IRQHandler
                0x08001e90                TIM1_CC_IRQHandler
                0x08001e90                PVD_IRQHandler
                0x08001e90                EXTI3_IRQHandler
                0x08001e90                EXTI0_IRQHandler
                0x08001e90                I2C2_EV_IRQHandler
                0x08001e90                SPI1_IRQHandler
                0x08001e90                TAMPER_IRQHandler
                0x08001e90                DMA1_Channel4_IRQHandler
                0x08001e90                USART3_IRQHandler
                0x08001e90                RTC_IRQHandler
                0x08001e90                DMA1_Channel7_IRQHandler
                0x08001e90                I2C1_EV_IRQHandler
                0x08001e90                DMA1_Channel6_IRQHandler
                0x08001e90                TIM3_IRQHandler
                0x08001e90                RCC_IRQHandler
                0x08001e90                TIM1_TRG_COM_IRQHandler
                0x08001e90                DMA1_Channel1_IRQHandler
                0x08001e90                Default_Handler
                0x08001e90                EXTI15_10_IRQHandler
                0x08001e90                EXTI9_5_IRQHandler
                0x08001e90                SPI2_IRQHandler
                0x08001e90                DMA1_Channel5_IRQHandler
                0x08001e90                EXTI4_IRQHandler
                0x08001e90                USB_LP_CAN1_RX0_IRQHandler
                0x08001e90                USB_HP_CAN1_TX_IRQHandler
                0x08001e90                DMA1_Channel3_IRQHandler
                0x08001e90                TIM1_UP_IRQHandler
                0x08001e90                WWDG_IRQHandler
                0x08001e90                TIM2_IRQHandler
                0x08001e90                TIM1_BRK_IRQHandler
                0x08001e90                EXTI1_IRQHandler
                0x08001e90                USART2_IRQHandler
                0x08001e90                I2C2_ER_IRQHandler
                0x08001e90                DMA1_Channel2_IRQHandler
                0x08001e90                CAN1_SCE_IRQHandler
                0x08001e90                FLASH_IRQHandler
                0x08001e90                USART1_IRQHandler
                0x08001e90                I2C1_ER_IRQHandler
                0x08001e90                USBWakeUp_IRQHandler
 *fill*         0x08001e92        0x2 
 .text.HAL_Init
                0x08001e94       0x2c ./Drivers/STM32F1xx_HAL_Driver/Src/stm32f1xx_hal.o
                0x08001e94                HAL_Init
 .text.HAL_InitTick
                0x08001ec0       0x60 ./Drivers/STM32F1xx_HAL_Driver/Src/stm32f1xx_hal.o
                0x08001ec0                HAL_InitTick
 .text.HAL_IncTick
                0x08001f20       0x24 ./Drivers/STM32F1xx_HAL_Driver/Src/stm32f1xx_hal.o
                0x08001f20                HAL_IncTick
 .text.HAL_GetTick
                0x08001f44       0x14 ./Drivers/STM32F1xx_HAL_Driver/Src/stm32f1xx_hal.o
                0x08001f44                HAL_GetTick
 .text.HAL_Delay
                0x08001f58       0x48 ./Drivers/STM32F1xx_HAL_Driver/Src/stm32f1xx_hal.o
                0x08001f58                HAL_Delay
 .text.HAL_ADC_Init
                0x08001fa0      0x1b0 ./Drivers/STM32F1xx_HAL_Driver/Src/stm32f1xx_hal_adc.o
                0x08001fa0                HAL_ADC_Init
 .text.HAL_ADC_Start_IT
                0x08002150      0x16c ./Drivers/STM32F1xx_HAL_Driver/Src/stm32f1xx_hal_adc.o
                0x08002150                HAL_ADC_Start_IT
 .text.HAL_ADC_GetValue
                0x080022bc       0x18 ./Drivers/STM32F1xx_HAL_Driver/Src/stm32f1xx_hal_adc.o
                0x080022bc                HAL_ADC_GetValue
 .text.HAL_ADC_IRQHandler
                0x080022d4      0x17e ./Drivers/STM32F1xx_HAL_Driver/Src/stm32f1xx_hal_adc.o
                0x080022d4                HAL_ADC_IRQHandler
 .text.HAL_ADC_LevelOutOfWindowCallback
                0x08002452       0x12 ./Drivers/STM32F1xx_HAL_Driver/Src/stm32f1xx_hal_adc.o
                0x08002452                HAL_ADC_LevelOutOfWindowCallback
 .text.HAL_ADC_ConfigChannel
                0x08002464      0x1f0 ./Drivers/STM32F1xx_HAL_Driver/Src/stm32f1xx_hal_adc.o
                0x08002464                HAL_ADC_ConfigChannel
 .text.ADC_Enable
                0x08002654       0xb4 ./Drivers/STM32F1xx_HAL_Driver/Src/stm32f1xx_hal_adc.o
                0x08002654                ADC_Enable
 .text.ADC_ConversionStop_Disable
                0x08002708       0x82 ./Drivers/STM32F1xx_HAL_Driver/Src/stm32f1xx_hal_adc.o
                0x08002708                ADC_ConversionStop_Disable
 .text.HAL_ADCEx_InjectedConvCpltCallback
                0x0800278a       0x12 ./Drivers/STM32F1xx_HAL_Driver/Src/stm32f1xx_hal_adc_ex.o
                0x0800278a                HAL_ADCEx_InjectedConvCpltCallback
 .text.HAL_CAN_Init
                0x0800279c      0x1f6 ./Drivers/STM32F1xx_HAL_Driver/Src/stm32f1xx_hal_can.o
                0x0800279c                HAL_CAN_Init
 .text.HAL_CAN_ConfigFilter
                0x08002992      0x192 ./Drivers/STM32F1xx_HAL_Driver/Src/stm32f1xx_hal_can.o
                0x08002992                HAL_CAN_ConfigFilter
 .text.HAL_CAN_Start
                0x08002b24       0x88 ./Drivers/STM32F1xx_HAL_Driver/Src/stm32f1xx_hal_can.o
                0x08002b24                HAL_CAN_Start
 .text.HAL_CAN_AddTxMessage
                0x08002bac      0x19e ./Drivers/STM32F1xx_HAL_Driver/Src/stm32f1xx_hal_can.o
                0x08002bac                HAL_CAN_AddTxMessage
 .text.HAL_CAN_GetRxMessage
                0x08002d4a      0x242 ./Drivers/STM32F1xx_HAL_Driver/Src/stm32f1xx_hal_can.o
                0x08002d4a                HAL_CAN_GetRxMessage
 .text.HAL_CAN_ActivateNotification
                0x08002f8c       0x4a ./Drivers/STM32F1xx_HAL_Driver/Src/stm32f1xx_hal_can.o
                0x08002f8c                HAL_CAN_ActivateNotification
 .text.HAL_CAN_IRQHandler
                0x08002fd6      0x36e ./Drivers/STM32F1xx_HAL_Driver/Src/stm32f1xx_hal_can.o
                0x08002fd6                HAL_CAN_IRQHandler
 .text.HAL_CAN_TxMailbox0CompleteCallback
                0x08003344       0x12 ./Drivers/STM32F1xx_HAL_Driver/Src/stm32f1xx_hal_can.o
                0x08003344                HAL_CAN_TxMailbox0CompleteCallback
 .text.HAL_CAN_TxMailbox1CompleteCallback
                0x08003356       0x12 ./Drivers/STM32F1xx_HAL_Driver/Src/stm32f1xx_hal_can.o
                0x08003356                HAL_CAN_TxMailbox1CompleteCallback
 .text.HAL_CAN_TxMailbox2CompleteCallback
                0x08003368       0x12 ./Drivers/STM32F1xx_HAL_Driver/Src/stm32f1xx_hal_can.o
                0x08003368                HAL_CAN_TxMailbox2CompleteCallback
 .text.HAL_CAN_TxMailbox0AbortCallback
                0x0800337a       0x12 ./Drivers/STM32F1xx_HAL_Driver/Src/stm32f1xx_hal_can.o
                0x0800337a                HAL_CAN_TxMailbox0AbortCallback
 .text.HAL_CAN_TxMailbox1AbortCallback
                0x0800338c       0x12 ./Drivers/STM32F1xx_HAL_Driver/Src/stm32f1xx_hal_can.o
                0x0800338c                HAL_CAN_TxMailbox1AbortCallback
 .text.HAL_CAN_TxMailbox2AbortCallback
                0x0800339e       0x12 ./Drivers/STM32F1xx_HAL_Driver/Src/stm32f1xx_hal_can.o
                0x0800339e                HAL_CAN_TxMailbox2AbortCallback
 .text.HAL_CAN_RxFifo0MsgPendingCallback
                0x080033b0       0x12 ./Drivers/STM32F1xx_HAL_Driver/Src/stm32f1xx_hal_can.o
                0x080033b0                HAL_CAN_RxFifo0MsgPendingCallback
 .text.HAL_CAN_RxFifo0FullCallback
                0x080033c2       0x12 ./Drivers/STM32F1xx_HAL_Driver/Src/stm32f1xx_hal_can.o
                0x080033c2                HAL_CAN_RxFifo0FullCallback
 .text.HAL_CAN_RxFifo1FullCallback
                0x080033d4       0x12 ./Drivers/STM32F1xx_HAL_Driver/Src/stm32f1xx_hal_can.o
                0x080033d4                HAL_CAN_RxFifo1FullCallback
 .text.HAL_CAN_SleepCallback
                0x080033e6       0x12 ./Drivers/STM32F1xx_HAL_Driver/Src/stm32f1xx_hal_can.o
                0x080033e6                HAL_CAN_SleepCallback
 .text.HAL_CAN_WakeUpFromRxMsgCallback
                0x080033f8       0x12 ./Drivers/STM32F1xx_HAL_Driver/Src/stm32f1xx_hal_can.o
                0x080033f8                HAL_CAN_WakeUpFromRxMsgCallback
 .text.HAL_CAN_ErrorCallback
                0x0800340a       0x12 ./Drivers/STM32F1xx_HAL_Driver/Src/stm32f1xx_hal_can.o
                0x0800340a                HAL_CAN_ErrorCallback
 .text.__NVIC_SetPriorityGrouping
                0x0800341c       0x48 ./Drivers/STM32F1xx_HAL_Driver/Src/stm32f1xx_hal_cortex.o
 .text.__NVIC_GetPriorityGrouping
                0x08003464       0x1c ./Drivers/STM32F1xx_HAL_Driver/Src/stm32f1xx_hal_cortex.o
 .text.__NVIC_EnableIRQ
                0x08003480       0x38 ./Drivers/STM32F1xx_HAL_Driver/Src/stm32f1xx_hal_cortex.o
 .text.__NVIC_SetPriority
                0x080034b8       0x54 ./Drivers/STM32F1xx_HAL_Driver/Src/stm32f1xx_hal_cortex.o
 .text.NVIC_EncodePriority
                0x0800350c       0x64 ./Drivers/STM32F1xx_HAL_Driver/Src/stm32f1xx_hal_cortex.o
 .text.SysTick_Config
                0x08003570       0x44 ./Drivers/STM32F1xx_HAL_Driver/Src/stm32f1xx_hal_cortex.o
 .text.HAL_NVIC_SetPriorityGrouping
                0x080035b4       0x16 ./Drivers/STM32F1xx_HAL_Driver/Src/stm32f1xx_hal_cortex.o
                0x080035b4                HAL_NVIC_SetPriorityGrouping
 .text.HAL_NVIC_SetPriority
                0x080035ca       0x38 ./Drivers/STM32F1xx_HAL_Driver/Src/stm32f1xx_hal_cortex.o
                0x080035ca                HAL_NVIC_SetPriority
 .text.HAL_NVIC_EnableIRQ
                0x08003602       0x1c ./Drivers/STM32F1xx_HAL_Driver/Src/stm32f1xx_hal_cortex.o
                0x08003602                HAL_NVIC_EnableIRQ
 .text.HAL_SYSTICK_Config
                0x0800361e       0x18 ./Drivers/STM32F1xx_HAL_Driver/Src/stm32f1xx_hal_cortex.o
                0x0800361e                HAL_SYSTICK_Config
 *fill*         0x08003636        0x2 
 .text.HAL_GPIO_Init
                0x08003638      0x308 ./Drivers/STM32F1xx_HAL_Driver/Src/stm32f1xx_hal_gpio.o
                0x08003638                HAL_GPIO_Init
 .text.HAL_GPIO_WritePin
                0x08003940       0x30 ./Drivers/STM32F1xx_HAL_Driver/Src/stm32f1xx_hal_gpio.o
                0x08003940                HAL_GPIO_WritePin
 .text.HAL_GPIO_TogglePin
                0x08003970       0x32 ./Drivers/STM32F1xx_HAL_Driver/Src/stm32f1xx_hal_gpio.o
                0x08003970                HAL_GPIO_TogglePin
 *fill*         0x080039a2        0x2 
 .text.HAL_RCC_OscConfig
                0x080039a4      0x504 ./Drivers/STM32F1xx_HAL_Driver/Src/stm32f1xx_hal_rcc.o
                0x080039a4                HAL_RCC_OscConfig
 .text.HAL_RCC_ClockConfig
                0x08003ea8      0x1d4 ./Drivers/STM32F1xx_HAL_Driver/Src/stm32f1xx_hal_rcc.o
                0x08003ea8                HAL_RCC_ClockConfig
 .text.HAL_RCC_GetSysClockFreq
                0x0800407c       0xa8 ./Drivers/STM32F1xx_HAL_Driver/Src/stm32f1xx_hal_rcc.o
                0x0800407c                HAL_RCC_GetSysClockFreq
 .text.RCC_Delay
                0x08004124       0x3c ./Drivers/STM32F1xx_HAL_Driver/Src/stm32f1xx_hal_rcc.o
 .text.HAL_RCCEx_PeriphCLKConfig
                0x08004160      0x16c ./Drivers/STM32F1xx_HAL_Driver/Src/stm32f1xx_hal_rcc_ex.o
                0x08004160                HAL_RCCEx_PeriphCLKConfig
 .text.HAL_TIM_Base_Init
                0x080042cc       0x9e ./Drivers/STM32F1xx_HAL_Driver/Src/stm32f1xx_hal_tim.o
                0x080042cc                HAL_TIM_Base_Init
 .text.HAL_TIM_PWM_Init
                0x0800436a       0x9e ./Drivers/STM32F1xx_HAL_Driver/Src/stm32f1xx_hal_tim.o
                0x0800436a                HAL_TIM_PWM_Init
 .text.HAL_TIM_PWM_MspInit
                0x08004408       0x12 ./Drivers/STM32F1xx_HAL_Driver/Src/stm32f1xx_hal_tim.o
                0x08004408                HAL_TIM_PWM_MspInit
 *fill*         0x0800441a        0x2 
 .text.HAL_TIM_PWM_Start
                0x0800441c      0x144 ./Drivers/STM32F1xx_HAL_Driver/Src/stm32f1xx_hal_tim.o
                0x0800441c                HAL_TIM_PWM_Start
 .text.HAL_TIM_Encoder_Init
                0x08004560      0x144 ./Drivers/STM32F1xx_HAL_Driver/Src/stm32f1xx_hal_tim.o
                0x08004560                HAL_TIM_Encoder_Init
 .text.HAL_TIM_Encoder_Start
                0x080046a4      0x11c ./Drivers/STM32F1xx_HAL_Driver/Src/stm32f1xx_hal_tim.o
                0x080046a4                HAL_TIM_Encoder_Start
 .text.HAL_TIM_IRQHandler
                0x080047c0      0x1e0 ./Drivers/STM32F1xx_HAL_Driver/Src/stm32f1xx_hal_tim.o
                0x080047c0                HAL_TIM_IRQHandler
 .text.HAL_TIM_PWM_ConfigChannel
                0x080049a0      0x184 ./Drivers/STM32F1xx_HAL_Driver/Src/stm32f1xx_hal_tim.o
                0x080049a0                HAL_TIM_PWM_ConfigChannel
 .text.HAL_TIM_ConfigClockSource
                0x08004b24      0x18e ./Drivers/STM32F1xx_HAL_Driver/Src/stm32f1xx_hal_tim.o
                0x08004b24                HAL_TIM_ConfigClockSource
 .text.HAL_TIM_PeriodElapsedCallback
                0x08004cb2       0x12 ./Drivers/STM32F1xx_HAL_Driver/Src/stm32f1xx_hal_tim.o
                0x08004cb2                HAL_TIM_PeriodElapsedCallback
 .text.HAL_TIM_OC_DelayElapsedCallback
                0x08004cc4       0x12 ./Drivers/STM32F1xx_HAL_Driver/Src/stm32f1xx_hal_tim.o
                0x08004cc4                HAL_TIM_OC_DelayElapsedCallback
 .text.HAL_TIM_IC_CaptureCallback
                0x08004cd6       0x12 ./Drivers/STM32F1xx_HAL_Driver/Src/stm32f1xx_hal_tim.o
                0x08004cd6                HAL_TIM_IC_CaptureCallback
 .text.HAL_TIM_PWM_PulseFinishedCallback
                0x08004ce8       0x12 ./Drivers/STM32F1xx_HAL_Driver/Src/stm32f1xx_hal_tim.o
                0x08004ce8                HAL_TIM_PWM_PulseFinishedCallback
 .text.HAL_TIM_TriggerCallback
                0x08004cfa       0x12 ./Drivers/STM32F1xx_HAL_Driver/Src/stm32f1xx_hal_tim.o
                0x08004cfa                HAL_TIM_TriggerCallback
 .text.TIM_Base_SetConfig
                0x08004d0c       0xdc ./Drivers/STM32F1xx_HAL_Driver/Src/stm32f1xx_hal_tim.o
                0x08004d0c                TIM_Base_SetConfig
 .text.TIM_OC1_SetConfig
                0x08004de8       0xcc ./Drivers/STM32F1xx_HAL_Driver/Src/stm32f1xx_hal_tim.o
 .text.TIM_OC2_SetConfig
                0x08004eb4       0xd4 ./Drivers/STM32F1xx_HAL_Driver/Src/stm32f1xx_hal_tim.o
                0x08004eb4                TIM_OC2_SetConfig
 .text.TIM_OC3_SetConfig
                0x08004f88       0xd4 ./Drivers/STM32F1xx_HAL_Driver/Src/stm32f1xx_hal_tim.o
 .text.TIM_OC4_SetConfig
                0x0800505c       0x9c ./Drivers/STM32F1xx_HAL_Driver/Src/stm32f1xx_hal_tim.o
 .text.TIM_TI1_ConfigInputStage
                0x080050f8       0x5c ./Drivers/STM32F1xx_HAL_Driver/Src/stm32f1xx_hal_tim.o
 .text.TIM_TI2_ConfigInputStage
                0x08005154       0x5e ./Drivers/STM32F1xx_HAL_Driver/Src/stm32f1xx_hal_tim.o
 .text.TIM_ITRx_SetConfig
                0x080051b2       0x34 ./Drivers/STM32F1xx_HAL_Driver/Src/stm32f1xx_hal_tim.o
 .text.TIM_ETR_SetConfig
                0x080051e6       0x3e ./Drivers/STM32F1xx_HAL_Driver/Src/stm32f1xx_hal_tim.o
                0x080051e6                TIM_ETR_SetConfig
 .text.TIM_CCxChannelCmd
                0x08005224       0x48 ./Drivers/STM32F1xx_HAL_Driver/Src/stm32f1xx_hal_tim.o
                0x08005224                TIM_CCxChannelCmd
 .text.HAL_TIMEx_MasterConfigSynchronization
                0x0800526c       0xbc ./Drivers/STM32F1xx_HAL_Driver/Src/stm32f1xx_hal_tim_ex.o
                0x0800526c                HAL_TIMEx_MasterConfigSynchronization
 .text.HAL_TIMEx_CommutCallback
                0x08005328       0x12 ./Drivers/STM32F1xx_HAL_Driver/Src/stm32f1xx_hal_tim_ex.o
                0x08005328                HAL_TIMEx_CommutCallback
 .text.HAL_TIMEx_BreakCallback
                0x0800533a       0x12 ./Drivers/STM32F1xx_HAL_Driver/Src/stm32f1xx_hal_tim_ex.o
                0x0800533a                HAL_TIMEx_BreakCallback
 .text.memset   0x0800534c       0x10 /home/harshit/st/stm32cubeide_1.19.0/plugins/com.st.stm32cube.ide.mcu.externaltools.gnu-tools-for-stm32.13.3.rel1.linux64_1.0.0.202410170706/tools/bin/../lib/gcc/arm-none-eabi/13.3.1/../../../../arm-none-eabi/lib/thumb/v7-m/nofp/libc_nano.a(libc_a-memset.o)
                0x0800534c                memset
 .text.__libc_init_array
                0x0800535c       0x48 /home/harshit/st/stm32cubeide_1.19.0/plugins/com.st.stm32cube.ide.mcu.externaltools.gnu-tools-for-stm32.13.3.rel1.linux64_1.0.0.202410170706/tools/bin/../lib/gcc/arm-none-eabi/13.3.1/../../../../arm-none-eabi/lib/thumb/v7-m/nofp/libc_nano.a(libc_a-init.o)
                0x0800535c                __libc_init_array
 *(.glue_7)
 .glue_7        0x080053a4        0x0 linker stubs
 *(.glue_7t)
 .glue_7t       0x080053a4        0x0 linker stubs
 *(.eh_frame)
 .eh_frame      0x080053a4        0x0 /home/harshit/st/stm32cubeide_1.19.0/plugins/com.st.stm32cube.ide.mcu.externaltools.gnu-tools-for-stm32.13.3.rel1.linux64_1.0.0.202410170706/tools/bin/../lib/gcc/arm-none-eabi/13.3.1/thumb/v7-m/nofp/crtbegin.o
 *(.init)
 .init          0x080053a4        0x4 /home/harshit/st/stm32cubeide_1.19.0/plugins/com.st.stm32cube.ide.mcu.externaltools.gnu-tools-for-stm32.13.3.rel1.linux64_1.0.0.202410170706/tools/bin/../lib/gcc/arm-none-eabi/13.3.1/thumb/v7-m/nofp/crti.o
                0x080053a4                _init
 .init          0x080053a8        0x8 /home/harshit/st/stm32cubeide_1.19.0/plugins/com.st.stm32cube.ide.mcu.externaltools.gnu-tools-for-stm32.13.3.rel1.linux64_1.0.0.202410170706/tools/bin/../lib/gcc/arm-none-eabi/13.3.1/thumb/v7-m/nofp/crtn.o
 *(.fini)
 .fini          0x080053b0        0x4 /home/harshit/st/stm32cubeide_1.19.0/plugins/com.st.stm32cube.ide.mcu.externaltools.gnu-tools-for-stm32.13.3.rel1.linux64_1.0.0.202410170706/tools/bin/../lib/gcc/arm-none-eabi/13.3.1/thumb/v7-m/nofp/crti.o
                0x080053b0                _fini
 .fini          0x080053b4        0x8 /home/harshit/st/stm32cubeide_1.19.0/plugins/com.st.stm32cube.ide.mcu.externaltools.gnu-tools-for-stm32.13.3.rel1.linux64_1.0.0.202410170706/tools/bin/../lib/gcc/arm-none-eabi/13.3.1/thumb/v7-m/nofp/crtn.o
                0x080053bc                        . = ALIGN (0x4)
                0x080053bc                        _etext = .

.vfp11_veneer   0x080053bc        0x0
 .vfp11_veneer  0x080053bc        0x0 linker stubs

.v4_bx          0x080053bc        0x0
 .v4_bx         0x080053bc        0x0 linker stubs

.iplt           0x080053bc        0x0
 .iplt          0x080053bc        0x0 /home/harshit/st/stm32cubeide_1.19.0/plugins/com.st.stm32cube.ide.mcu.externaltools.gnu-tools-for-stm32.13.3.rel1.linux64_1.0.0.202410170706/tools/bin/../lib/gcc/arm-none-eabi/13.3.1/thumb/v7-m/nofp/crtbegin.o

.rodata         0x080053bc       0x24
                0x080053bc                        . = ALIGN (0x4)
 *(.rodata)
 *(.rodata*)
 .rodata.AHBPrescTable
                0x080053bc       0x10 ./Core/Src/system_stm32f1xx.o
                0x080053bc                AHBPrescTable
 .rodata.aPLLMULFactorTable.1
                0x080053cc       0x10 ./Drivers/STM32F1xx_HAL_Driver/Src/stm32f1xx_hal_rcc.o
 .rodata.aPredivFactorTable.0
                0x080053dc        0x2 ./Drivers/STM32F1xx_HAL_Driver/Src/stm32f1xx_hal_rcc.o
                0x080053e0                        . = ALIGN (0x4)
 *fill*         0x080053de        0x2 

.ARM.extab      0x080053e0        0x0
                0x080053e0                        . = ALIGN (0x4)
 *(.ARM.extab* .gnu.linkonce.armextab.*)
                0x080053e0                        . = ALIGN (0x4)

.ARM            0x080053e0        0x0
                0x080053e0                        . = ALIGN (0x4)
                0x080053e0                        __exidx_start = .
 *(.ARM.exidx*)
                0x080053e0                        __exidx_end = .
                0x080053e0                        . = ALIGN (0x4)

.preinit_array  0x080053e0        0x0
                0x080053e0                        . = ALIGN (0x4)
                0x080053e0                        PROVIDE (__preinit_array_start = .)
 *(.preinit_array*)
                0x080053e0                        PROVIDE (__preinit_array_end = .)
                0x080053e0                        . = ALIGN (0x4)

.init_array     0x080053e0        0x4
                0x080053e0                        . = ALIGN (0x4)
                0x080053e0                        PROVIDE (__init_array_start = .)
 *(SORT_BY_NAME(.init_array.*))
 *(.init_array*)
 .init_array    0x080053e0        0x4 /home/harshit/st/stm32cubeide_1.19.0/plugins/com.st.stm32cube.ide.mcu.externaltools.gnu-tools-for-stm32.13.3.rel1.linux64_1.0.0.202410170706/tools/bin/../lib/gcc/arm-none-eabi/13.3.1/thumb/v7-m/nofp/crtbegin.o
                0x080053e4                        PROVIDE (__init_array_end = .)
                0x080053e4                        . = ALIGN (0x4)

.fini_array     0x080053e4        0x4
                0x080053e4                        . = ALIGN (0x4)
                [!provide]                        PROVIDE (__fini_array_start = .)
 *(SORT_BY_NAME(.fini_array.*))
 *(.fini_array*)
 .fini_array    0x080053e4        0x4 /home/harshit/st/stm32cubeide_1.19.0/plugins/com.st.stm32cube.ide.mcu.externaltools.gnu-tools-for-stm32.13.3.rel1.linux64_1.0.0.202410170706/tools/bin/../lib/gcc/arm-none-eabi/13.3.1/thumb/v7-m/nofp/crtbegin.o
                [!provide]                        PROVIDE (__fini_array_end = .)
                0x080053e8                        . = ALIGN (0x4)
                0x080053e8                        _sidata = LOADADDR (.data)

.rel.dyn        0x080053e8        0x0
 .rel.iplt      0x080053e8        0x0 /home/harshit/st/stm32cubeide_1.19.0/plugins/com.st.stm32cube.ide.mcu.externaltools.gnu-tools-for-stm32.13.3.rel1.linux64_1.0.0.202410170706/tools/bin/../lib/gcc/arm-none-eabi/13.3.1/thumb/v7-m/nofp/crtbegin.o

.data           0x20000000       0x1c load address 0x080053e8
                0x20000000                        . = ALIGN (0x4)
                0x20000000                        _sdata = .
 *(.data)
 *(.data*)
 .data.polling  0x20000000        0x1 ./Core/Src/main.o
                0x20000000                polling
 .data.reset    0x20000001        0x1 ./Core/Src/main.o
                0x20000001                reset
 .data.PID_hold
                0x20000002        0x1 ./Core/Src/main.o
                0x20000002                PID_hold
 *fill*         0x20000003        0x1 
 .data.resetPos
                0x20000004        0xc ./Core/Src/main.o
                0x20000004                resetPos
 .data.SystemCoreClock
                0x20000010        0x4 ./Core/Src/system_stm32f1xx.o
                0x20000010                SystemCoreClock
 .data.uwTickPrio
                0x20000014        0x4 ./Drivers/STM32F1xx_HAL_Driver/Src/stm32f1xx_hal.o
                0x20000014                uwTickPrio
 .data.uwTickFreq
                0x20000018        0x1 ./Drivers/STM32F1xx_HAL_Driver/Src/stm32f1xx_hal.o
                0x20000018                uwTickFreq
 *(.RamFunc)
 *(.RamFunc*)
                0x2000001c                        . = ALIGN (0x4)
 *fill*         0x20000019        0x3 
                0x2000001c                        _edata = .

.igot.plt       0x2000001c        0x0 load address 0x08005404
 .igot.plt      0x2000001c        0x0 /home/harshit/st/stm32cubeide_1.19.0/plugins/com.st.stm32cube.ide.mcu.externaltools.gnu-tools-for-stm32.13.3.rel1.linux64_1.0.0.202410170706/tools/bin/../lib/gcc/arm-none-eabi/13.3.1/thumb/v7-m/nofp/crtbegin.o
                0x2000001c                        . = ALIGN (0x4)

.bss            0x20000020      0x180 load address 0x08005404
                0x20000020                        _sbss = .
                0x20000020                        __bss_start__ = _sbss
 *(.bss)
 .bss           0x20000020       0x1c /home/harshit/st/stm32cubeide_1.19.0/plugins/com.st.stm32cube.ide.mcu.externaltools.gnu-tools-for-stm32.13.3.rel1.linux64_1.0.0.202410170706/tools/bin/../lib/gcc/arm-none-eabi/13.3.1/thumb/v7-m/nofp/crtbegin.o
 *(.bss*)
 .bss.hadc1     0x2000003c       0x30 ./Core/Src/main.o
                0x2000003c                hadc1
 .bss.hcan      0x2000006c       0x28 ./Core/Src/main.o
                0x2000006c                hcan
 .bss.htim2     0x20000094       0x48 ./Core/Src/main.o
                0x20000094                htim2
 .bss.htim4     0x200000dc       0x48 ./Core/Src/main.o
                0x200000dc                htim4
 .bss.RxHeader  0x20000124       0x1c ./Core/Src/main.o
                0x20000124                RxHeader
 .bss.TxHeader  0x20000140       0x18 ./Core/Src/main.o
                0x20000140                TxHeader
 .bss.RxData    0x20000158        0x8 ./Core/Src/main.o
                0x20000158                RxData
 .bss.TxData    0x20000160        0x8 ./Core/Src/main.o
                0x20000160                TxData
 .bss.TxMailbox
                0x20000168        0x4 ./Core/Src/main.o
                0x20000168                TxMailbox
 .bss.sysCheck  0x2000016c        0x1 ./Core/Src/main.o
                0x2000016c                sysCheck
 *fill*         0x2000016d        0x3 
 .bss.currentEnc
                0x20000170        0x4 ./Core/Src/main.o
                0x20000170                currentEnc
 .bss.previousEnc
                0x20000174        0x4 ./Core/Src/main.o
                0x20000174                previousEnc
 .bss.diff      0x20000178        0x2 ./Core/Src/main.o
                0x20000178                diff
 *fill*         0x2000017a        0x2 
 .bss.pos       0x2000017c        0x4 ./Core/Src/main.o
                0x2000017c                pos
 .bss.PWM       0x20000180        0x1 ./Core/Src/main.o
                0x20000180                PWM
 .bss.DIR       0x20000181        0x1 ./Core/Src/main.o
                0x20000181                DIR
 *fill*         0x20000182        0x6 
 .bss.adc_sum   0x20000188        0x8 ./Core/Src/main.o
                0x20000188                adc_sum
 .bss.current_sum
                0x20000190        0x4 ./Core/Src/main.o
                0x20000190                current_sum
 .bss.counter   0x20000194        0x4 ./Core/Src/main.o
                0x20000194                counter
 .bss.ADC_VAL   0x20000198        0x2 ./Core/Src/main.o
                0x20000198                ADC_VAL
 *fill*         0x2000019a        0x2 
 .bss.uwTick    0x2000019c        0x4 ./Drivers/STM32F1xx_HAL_Driver/Src/stm32f1xx_hal.o
                0x2000019c                uwTick
 *(COMMON)
                0x200001a0                        . = ALIGN (0x4)
                0x200001a0                        _ebss = .
                0x200001a0                        __bss_end__ = _ebss

._user_heap_stack
                0x200001a0      0x600 load address 0x08005404
                0x200001a0                        . = ALIGN (0x8)
                [!provide]                        PROVIDE (end = .)
                0x200001a0                        PROVIDE (_end = .)
                0x200003a0                        . = (. + _Min_Heap_Size)
 *fill*         0x200001a0      0x200 
                0x200007a0                        . = (. + _Min_Stack_Size)
 *fill*         0x200003a0      0x400 
                0x200007a0                        . = ALIGN (0x8)

/DISCARD/
 libc.a(*)
 libm.a(*)
 libgcc.a(*)

.ARM.attributes
                0x00000000       0x29
 *(.ARM.attributes)
 .ARM.attributes
                0x00000000       0x1d /home/harshit/st/stm32cubeide_1.19.0/plugins/com.st.stm32cube.ide.mcu.externaltools.gnu-tools-for-stm32.13.3.rel1.linux64_1.0.0.202410170706/tools/bin/../lib/gcc/arm-none-eabi/13.3.1/thumb/v7-m/nofp/crti.o
 .ARM.attributes
                0x0000001d       0x2d /home/harshit/st/stm32cubeide_1.19.0/plugins/com.st.stm32cube.ide.mcu.externaltools.gnu-tools-for-stm32.13.3.rel1.linux64_1.0.0.202410170706/tools/bin/../lib/gcc/arm-none-eabi/13.3.1/thumb/v7-m/nofp/crtbegin.o
 .ARM.attributes
                0x0000004a       0x2d ./Core/Src/main.o
 .ARM.attributes
                0x00000077       0x2d ./Core/Src/stm32f1xx_hal_msp.o
 .ARM.attributes
                0x000000a4       0x2d ./Core/Src/stm32f1xx_it.o
 .ARM.attributes
                0x000000d1       0x2d ./Core/Src/system_stm32f1xx.o
 .ARM.attributes
                0x000000fe       0x21 ./Core/Startup/startup_stm32f103c8tx.o
 .ARM.attributes
                0x0000011f       0x2d ./Drivers/STM32F1xx_HAL_Driver/Src/stm32f1xx_hal.o
 .ARM.attributes
                0x0000014c       0x2d ./Drivers/STM32F1xx_HAL_Driver/Src/stm32f1xx_hal_adc.o
 .ARM.attributes
                0x00000179       0x2d ./Drivers/STM32F1xx_HAL_Driver/Src/stm32f1xx_hal_adc_ex.o
 .ARM.attributes
                0x000001a6       0x2d ./Drivers/STM32F1xx_HAL_Driver/Src/stm32f1xx_hal_can.o
 .ARM.attributes
                0x000001d3       0x2d ./Drivers/STM32F1xx_HAL_Driver/Src/stm32f1xx_hal_cortex.o
 .ARM.attributes
                0x00000200       0x2d ./Drivers/STM32F1xx_HAL_Driver/Src/stm32f1xx_hal_gpio.o
 .ARM.attributes
                0x0000022d       0x2d ./Drivers/STM32F1xx_HAL_Driver/Src/stm32f1xx_hal_rcc.o
 .ARM.attributes
                0x0000025a       0x2d ./Drivers/STM32F1xx_HAL_Driver/Src/stm32f1xx_hal_rcc_ex.o
 .ARM.attributes
                0x00000287       0x2d ./Drivers/STM32F1xx_HAL_Driver/Src/stm32f1xx_hal_tim.o
 .ARM.attributes
                0x000002b4       0x2d ./Drivers/STM32F1xx_HAL_Driver/Src/stm32f1xx_hal_tim_ex.o
 .ARM.attributes
                0x000002e1       0x2d /home/harshit/st/stm32cubeide_1.19.0/plugins/com.st.stm32cube.ide.mcu.externaltools.gnu-tools-for-stm32.13.3.rel1.linux64_1.0.0.202410170706/tools/bin/../lib/gcc/arm-none-eabi/13.3.1/../../../../arm-none-eabi/lib/thumb/v7-m/nofp/libc_nano.a(libc_a-memset.o)
 .ARM.attributes
                0x0000030e       0x2d /home/harshit/st/stm32cubeide_1.19.0/plugins/com.st.stm32cube.ide.mcu.externaltools.gnu-tools-for-stm32.13.3.rel1.linux64_1.0.0.202410170706/tools/bin/../lib/gcc/arm-none-eabi/13.3.1/../../../../arm-none-eabi/lib/thumb/v7-m/nofp/libc_nano.a(libc_a-init.o)
 .ARM.attributes
                0x0000033b       0x1d /home/harshit/st/stm32cubeide_1.19.0/plugins/com.st.stm32cube.ide.mcu.externaltools.gnu-tools-for-stm32.13.3.rel1.linux64_1.0.0.202410170706/tools/bin/../lib/gcc/arm-none-eabi/13.3.1/thumb/v7-m/nofp/libgcc.a(_arm_addsubdf3.o)
 .ARM.attributes
                0x00000358       0x1d /home/harshit/st/stm32cubeide_1.19.0/plugins/com.st.stm32cube.ide.mcu.externaltools.gnu-tools-for-stm32.13.3.rel1.linux64_1.0.0.202410170706/tools/bin/../lib/gcc/arm-none-eabi/13.3.1/thumb/v7-m/nofp/libgcc.a(_arm_muldivdf3.o)
 .ARM.attributes
                0x00000375       0x1d /home/harshit/st/stm32cubeide_1.19.0/plugins/com.st.stm32cube.ide.mcu.externaltools.gnu-tools-for-stm32.13.3.rel1.linux64_1.0.0.202410170706/tools/bin/../lib/gcc/arm-none-eabi/13.3.1/thumb/v7-m/nofp/libgcc.a(_arm_fixunsdfsi.o)
 .ARM.attributes
                0x00000392       0x1d /home/harshit/st/stm32cubeide_1.19.0/plugins/com.st.stm32cube.ide.mcu.externaltools.gnu-tools-for-stm32.13.3.rel1.linux64_1.0.0.202410170706/tools/bin/../lib/gcc/arm-none-eabi/13.3.1/thumb/v7-m/nofp/libgcc.a(_arm_truncdfsf2.o)
 .ARM.attributes
                0x000003af       0x1d /home/harshit/st/stm32cubeide_1.19.0/plugins/com.st.stm32cube.ide.mcu.externaltools.gnu-tools-for-stm32.13.3.rel1.linux64_1.0.0.202410170706/tools/bin/../lib/gcc/arm-none-eabi/13.3.1/thumb/v7-m/nofp/libgcc.a(_arm_addsubsf3.o)
 .ARM.attributes
                0x000003cc       0x1d /home/harshit/st/stm32cubeide_1.19.0/plugins/com.st.stm32cube.ide.mcu.externaltools.gnu-tools-for-stm32.13.3.rel1.linux64_1.0.0.202410170706/tools/bin/../lib/gcc/arm-none-eabi/13.3.1/thumb/v7-m/nofp/libgcc.a(_arm_muldivsf3.o)
 .ARM.attributes
                0x000003e9       0x1d /home/harshit/st/stm32cubeide_1.19.0/plugins/com.st.stm32cube.ide.mcu.externaltools.gnu-tools-for-stm32.13.3.rel1.linux64_1.0.0.202410170706/tools/bin/../lib/gcc/arm-none-eabi/13.3.1/thumb/v7-m/nofp/libgcc.a(_arm_cmpsf2.o)
 .ARM.attributes
                0x00000406       0x1d /home/harshit/st/stm32cubeide_1.19.0/plugins/com.st.stm32cube.ide.mcu.externaltools.gnu-tools-for-stm32.13.3.rel1.linux64_1.0.0.202410170706/tools/bin/../lib/gcc/arm-none-eabi/13.3.1/thumb/v7-m/nofp/libgcc.a(_arm_fixsfsi.o)
 .ARM.attributes
                0x00000423       0x1d /home/harshit/st/stm32cubeide_1.19.0/plugins/com.st.stm32cube.ide.mcu.externaltools.gnu-tools-for-stm32.13.3.rel1.linux64_1.0.0.202410170706/tools/bin/../lib/gcc/arm-none-eabi/13.3.1/thumb/v7-m/nofp/libgcc.a(_arm_fixunssfsi.o)
 .ARM.attributes
                0x00000440       0x1d /home/harshit/st/stm32cubeide_1.19.0/plugins/com.st.stm32cube.ide.mcu.externaltools.gnu-tools-for-stm32.13.3.rel1.linux64_1.0.0.202410170706/tools/bin/../lib/gcc/arm-none-eabi/13.3.1/thumb/v7-m/nofp/crtn.o
OUTPUT(Arm_CAN.elf elf32-littlearm)
LOAD linker stubs
LOAD /home/harshit/st/stm32cubeide_1.19.0/plugins/com.st.stm32cube.ide.mcu.externaltools.gnu-tools-for-stm32.13.3.rel1.linux64_1.0.0.202410170706/tools/bin/../lib/gcc/arm-none-eabi/13.3.1/../../../../arm-none-eabi/lib/thumb/v7-m/nofp/libc.a
LOAD /home/harshit/st/stm32cubeide_1.19.0/plugins/com.st.stm32cube.ide.mcu.externaltools.gnu-tools-for-stm32.13.3.rel1.linux64_1.0.0.202410170706/tools/bin/../lib/gcc/arm-none-eabi/13.3.1/../../../../arm-none-eabi/lib/thumb/v7-m/nofp/libm.a
LOAD /home/harshit/st/stm32cubeide_1.19.0/plugins/com.st.stm32cube.ide.mcu.externaltools.gnu-tools-for-stm32.13.3.rel1.linux64_1.0.0.202410170706/tools/bin/../lib/gcc/arm-none-eabi/13.3.1/thumb/v7-m/nofp/libgcc.a

.debug_info     0x00000000     0xc18f
 .debug_info    0x00000000     0x1a88 ./Core/Src/main.o
 .debug_info    0x00001a88     0x11fb ./Core/Src/stm32f1xx_hal_msp.o
 .debug_info    0x00002c83      0xc88 ./Core/Src/stm32f1xx_it.o
 .debug_info    0x0000390b      0x222 ./Core/Src/system_stm32f1xx.o
 .debug_info    0x00003b2d       0x30 ./Core/Startup/startup_stm32f103c8tx.o
 .debug_info    0x00003b5d      0x704 ./Drivers/STM32F1xx_HAL_Driver/Src/stm32f1xx_hal.o
 .debug_info    0x00004261      0xc50 ./Drivers/STM32F1xx_HAL_Driver/Src/stm32f1xx_hal_adc.o
 .debug_info    0x00004eb1      0xa10 ./Drivers/STM32F1xx_HAL_Driver/Src/stm32f1xx_hal_adc_ex.o
 .debug_info    0x000058c1      0xf13 ./Drivers/STM32F1xx_HAL_Driver/Src/stm32f1xx_hal_can.o
 .debug_info    0x000067d4      0xa87 ./Drivers/STM32F1xx_HAL_Driver/Src/stm32f1xx_hal_cortex.o
 .debug_info    0x0000725b      0x5ab ./Drivers/STM32F1xx_HAL_Driver/Src/stm32f1xx_hal_gpio.o
 .debug_info    0x00007806      0x7d5 ./Drivers/STM32F1xx_HAL_Driver/Src/stm32f1xx_hal_rcc.o
 .debug_info    0x00007fdb      0x3c0 ./Drivers/STM32F1xx_HAL_Driver/Src/stm32f1xx_hal_rcc_ex.o
 .debug_info    0x0000839b     0x2959 ./Drivers/STM32F1xx_HAL_Driver/Src/stm32f1xx_hal_tim.o
 .debug_info    0x0000acf4     0x149b ./Drivers/STM32F1xx_HAL_Driver/Src/stm32f1xx_hal_tim_ex.o

.debug_abbrev   0x00000000     0x1fcd
 .debug_abbrev  0x00000000      0x36d ./Core/Src/main.o
 .debug_abbrev  0x0000036d      0x291 ./Core/Src/stm32f1xx_hal_msp.o
 .debug_abbrev  0x000005fe      0x1eb ./Core/Src/stm32f1xx_it.o
 .debug_abbrev  0x000007e9      0x13f ./Core/Src/system_stm32f1xx.o
 .debug_abbrev  0x00000928       0x24 ./Core/Startup/startup_stm32f103c8tx.o
 .debug_abbrev  0x0000094c      0x201 ./Drivers/STM32F1xx_HAL_Driver/Src/stm32f1xx_hal.o
 .debug_abbrev  0x00000b4d      0x225 ./Drivers/STM32F1xx_HAL_Driver/Src/stm32f1xx_hal_adc.o
 .debug_abbrev  0x00000d72      0x249 ./Drivers/STM32F1xx_HAL_Driver/Src/stm32f1xx_hal_adc_ex.o
 .debug_abbrev  0x00000fbb      0x21c ./Drivers/STM32F1xx_HAL_Driver/Src/stm32f1xx_hal_can.o
 .debug_abbrev  0x000011d7      0x2f8 ./Drivers/STM32F1xx_HAL_Driver/Src/stm32f1xx_hal_cortex.o
 .debug_abbrev  0x000014cf      0x1ca ./Drivers/STM32F1xx_HAL_Driver/Src/stm32f1xx_hal_gpio.o
 .debug_abbrev  0x00001699      0x2b3 ./Drivers/STM32F1xx_HAL_Driver/Src/stm32f1xx_hal_rcc.o
 .debug_abbrev  0x0000194c      0x188 ./Drivers/STM32F1xx_HAL_Driver/Src/stm32f1xx_hal_rcc_ex.o
 .debug_abbrev  0x00001ad4      0x277 ./Drivers/STM32F1xx_HAL_Driver/Src/stm32f1xx_hal_tim.o
 .debug_abbrev  0x00001d4b      0x282 ./Drivers/STM32F1xx_HAL_Driver/Src/stm32f1xx_hal_tim_ex.o

.debug_aranges  0x00000000      0xc80
 .debug_aranges
                0x00000000       0x78 ./Core/Src/main.o
 .debug_aranges
                0x00000078       0x68 ./Core/Src/stm32f1xx_hal_msp.o
 .debug_aranges
                0x000000e0       0x78 ./Core/Src/stm32f1xx_it.o
 .debug_aranges
                0x00000158       0x28 ./Core/Src/system_stm32f1xx.o
 .debug_aranges
                0x00000180       0x28 ./Core/Startup/startup_stm32f103c8tx.o
 .debug_aranges
                0x000001a8       0xe0 ./Drivers/STM32F1xx_HAL_Driver/Src/stm32f1xx_hal.o
 .debug_aranges
                0x00000288       0xf0 ./Drivers/STM32F1xx_HAL_Driver/Src/stm32f1xx_hal_adc.o
 .debug_aranges
                0x00000378       0x80 ./Drivers/STM32F1xx_HAL_Driver/Src/stm32f1xx_hal_adc_ex.o
 .debug_aranges
                0x000003f8      0x138 ./Drivers/STM32F1xx_HAL_Driver/Src/stm32f1xx_hal_can.o
 .debug_aranges
                0x00000530      0x100 ./Drivers/STM32F1xx_HAL_Driver/Src/stm32f1xx_hal_cortex.o
 .debug_aranges
                0x00000630       0x58 ./Drivers/STM32F1xx_HAL_Driver/Src/stm32f1xx_hal_gpio.o
 .debug_aranges
                0x00000688       0x90 ./Drivers/STM32F1xx_HAL_Driver/Src/stm32f1xx_hal_rcc.o
 .debug_aranges
                0x00000718       0x30 ./Drivers/STM32F1xx_HAL_Driver/Src/stm32f1xx_hal_rcc_ex.o
 .debug_aranges
                0x00000748      0x3d0 ./Drivers/STM32F1xx_HAL_Driver/Src/stm32f1xx_hal_tim.o
 .debug_aranges
                0x00000b18      0x168 ./Drivers/STM32F1xx_HAL_Driver/Src/stm32f1xx_hal_tim_ex.o

.debug_rnglists
                0x00000000      0x9a7
 .debug_rnglists
                0x00000000       0x5c ./Core/Src/main.o
 .debug_rnglists
                0x0000005c       0x4c ./Core/Src/stm32f1xx_hal_msp.o
 .debug_rnglists
                0x000000a8       0x55 ./Core/Src/stm32f1xx_it.o
 .debug_rnglists
                0x000000fd       0x1a ./Core/Src/system_stm32f1xx.o
 .debug_rnglists
                0x00000117       0x19 ./Core/Startup/startup_stm32f103c8tx.o
 .debug_rnglists
                0x00000130       0xa3 ./Drivers/STM32F1xx_HAL_Driver/Src/stm32f1xx_hal.o
 .debug_rnglists
                0x000001d3       0xbc ./Drivers/STM32F1xx_HAL_Driver/Src/stm32f1xx_hal_adc.o
 .debug_rnglists
                0x0000028f       0x65 ./Drivers/STM32F1xx_HAL_Driver/Src/stm32f1xx_hal_adc_ex.o
 .debug_rnglists
                0x000002f4       0xed ./Drivers/STM32F1xx_HAL_Driver/Src/stm32f1xx_hal_can.o
 .debug_rnglists
                0x000003e1       0xbb ./Drivers/STM32F1xx_HAL_Driver/Src/stm32f1xx_hal_cortex.o
 .debug_rnglists
                0x0000049c       0x3f ./Drivers/STM32F1xx_HAL_Driver/Src/stm32f1xx_hal_gpio.o
 .debug_rnglists
                0x000004db       0x6c ./Drivers/STM32F1xx_HAL_Driver/Src/stm32f1xx_hal_rcc.o
 .debug_rnglists
                0x00000547       0x21 ./Drivers/STM32F1xx_HAL_Driver/Src/stm32f1xx_hal_rcc_ex.o
 .debug_rnglists
                0x00000568      0x31a ./Drivers/STM32F1xx_HAL_Driver/Src/stm32f1xx_hal_tim.o
 .debug_rnglists
                0x00000882      0x125 ./Drivers/STM32F1xx_HAL_Driver/Src/stm32f1xx_hal_tim_ex.o

.debug_macro    0x00000000    0x18557
 .debug_macro   0x00000000      0x2ff ./Core/Src/main.o
 .debug_macro   0x000002ff      0xacc ./Core/Src/main.o
 .debug_macro   0x00000dcb      0x221 ./Core/Src/main.o
 .debug_macro   0x00000fec       0x2e ./Core/Src/main.o
 .debug_macro   0x0000101a       0x22 ./Core/Src/main.o
 .debug_macro   0x0000103c       0x22 ./Core/Src/main.o
 .debug_macro   0x0000105e       0x8e ./Core/Src/main.o
 .debug_macro   0x000010ec       0x51 ./Core/Src/main.o
 .debug_macro   0x0000113d      0x103 ./Core/Src/main.o
 .debug_macro   0x00001240       0x6a ./Core/Src/main.o
 .debug_macro   0x000012aa      0x1df ./Core/Src/main.o
 .debug_macro   0x00001489       0x1c ./Core/Src/main.o
 .debug_macro   0x000014a5       0x22 ./Core/Src/main.o
 .debug_macro   0x000014c7       0xbd ./Core/Src/main.o
 .debug_macro   0x00001584      0xd23 ./Core/Src/main.o
 .debug_macro   0x000022a7     0xe09e ./Core/Src/main.o
 .debug_macro   0x00010345       0x6d ./Core/Src/main.o
 .debug_macro   0x000103b2     0x34a2 ./Core/Src/main.o
 .debug_macro   0x00013854      0x190 ./Core/Src/main.o
 .debug_macro   0x000139e4       0x5c ./Core/Src/main.o
 .debug_macro   0x00013a40      0x5bc ./Core/Src/main.o
 .debug_macro   0x00013ffc      0x289 ./Core/Src/main.o
 .debug_macro   0x00014285      0x1cb ./Core/Src/main.o
 .debug_macro   0x00014450      0x114 ./Core/Src/main.o
 .debug_macro   0x00014564      0x1b2 ./Core/Src/main.o
 .debug_macro   0x00014716       0x27 ./Core/Src/main.o
 .debug_macro   0x0001473d      0x136 ./Core/Src/main.o
 .debug_macro   0x00014873      0x1bc ./Core/Src/main.o
 .debug_macro   0x00014a2f       0x34 ./Core/Src/main.o
 .debug_macro   0x00014a63       0x3c ./Core/Src/main.o
 .debug_macro   0x00014a9f      0x408 ./Core/Src/main.o
 .debug_macro   0x00014ea7       0x57 ./Core/Src/main.o
 .debug_macro   0x00014efe      0x46a ./Core/Src/main.o
 .debug_macro   0x00015368      0x1b5 ./Core/Src/main.o
 .debug_macro   0x0001551d       0x87 ./Core/Src/main.o
 .debug_macro   0x000155a4      0x240 ./Core/Src/main.o
 .debug_macro   0x000157e4      0x140 ./Core/Src/main.o
 .debug_macro   0x00015924      0x8ed ./Core/Src/main.o
 .debug_macro   0x00016211       0x83 ./Core/Src/main.o
 .debug_macro   0x00016294       0x28 ./Core/Src/main.o
 .debug_macro   0x000162bc       0x61 ./Core/Src/main.o
 .debug_macro   0x0001631d       0x24 ./Core/Src/main.o
 .debug_macro   0x00016341       0x43 ./Core/Src/main.o
 .debug_macro   0x00016384       0x34 ./Core/Src/main.o
 .debug_macro   0x000163b8      0x370 ./Core/Src/main.o
 .debug_macro   0x00016728       0x16 ./Core/Src/main.o
 .debug_macro   0x0001673e       0x4a ./Core/Src/main.o
 .debug_macro   0x00016788       0x34 ./Core/Src/main.o
 .debug_macro   0x000167bc       0x10 ./Core/Src/main.o
 .debug_macro   0x000167cc       0x58 ./Core/Src/main.o
 .debug_macro   0x00016824       0x8e ./Core/Src/main.o
 .debug_macro   0x000168b2       0x1c ./Core/Src/main.o
 .debug_macro   0x000168ce      0x185 ./Core/Src/main.o
 .debug_macro   0x00016a53      0x19b ./Core/Src/main.o
 .debug_macro   0x00016bee       0x1c ./Core/Src/main.o
 .debug_macro   0x00016c0a       0x3c ./Core/Src/main.o
 .debug_macro   0x00016c46       0x10 ./Core/Src/main.o
 .debug_macro   0x00016c56       0x1c ./Core/Src/main.o
 .debug_macro   0x00016c72       0x16 ./Core/Src/main.o
 .debug_macro   0x00016c88      0x146 ./Core/Src/main.o
 .debug_macro   0x00016dce       0x16 ./Core/Src/main.o
 .debug_macro   0x00016de4       0x20 ./Core/Src/main.o
 .debug_macro   0x00016e04      0x1c6 ./Core/Src/stm32f1xx_hal_msp.o
 .debug_macro   0x00016fca      0x1d0 ./Core/Src/stm32f1xx_it.o
 .debug_macro   0x0001719a      0x1b7 ./Core/Src/system_stm32f1xx.o
 .debug_macro   0x00017351      0x1db ./Drivers/STM32F1xx_HAL_Driver/Src/stm32f1xx_hal.o
 .debug_macro   0x0001752c      0x1d4 ./Drivers/STM32F1xx_HAL_Driver/Src/stm32f1xx_hal_adc.o
 .debug_macro   0x00017700      0x1c9 ./Drivers/STM32F1xx_HAL_Driver/Src/stm32f1xx_hal_adc_ex.o
 .debug_macro   0x000178c9      0x1c6 ./Drivers/STM32F1xx_HAL_Driver/Src/stm32f1xx_hal_can.o
 .debug_macro   0x00017a8f      0x1b7 ./Drivers/STM32F1xx_HAL_Driver/Src/stm32f1xx_hal_cortex.o
 .debug_macro   0x00017c46      0x222 ./Drivers/STM32F1xx_HAL_Driver/Src/stm32f1xx_hal_gpio.o
 .debug_macro   0x00017e68      0x1c9 ./Drivers/STM32F1xx_HAL_Driver/Src/stm32f1xx_hal_rcc.o
 .debug_macro   0x00018031      0x1b7 ./Drivers/STM32F1xx_HAL_Driver/Src/stm32f1xx_hal_rcc_ex.o
 .debug_macro   0x000181e8      0x1b8 ./Drivers/STM32F1xx_HAL_Driver/Src/stm32f1xx_hal_tim.o
 .debug_macro   0x000183a0      0x1b7 ./Drivers/STM32F1xx_HAL_Driver/Src/stm32f1xx_hal_tim_ex.o

.debug_line     0x00000000     0xd1e7
 .debug_line    0x00000000      0xcd7 ./Core/Src/main.o
 .debug_line    0x00000cd7      0x7e5 ./Core/Src/stm32f1xx_hal_msp.o
 .debug_line    0x000014bc      0x78c ./Core/Src/stm32f1xx_it.o
 .debug_line    0x00001c48      0x714 ./Core/Src/system_stm32f1xx.o
 .debug_line    0x0000235c       0x78 ./Core/Startup/startup_stm32f103c8tx.o
 .debug_line    0x000023d4      0x945 ./Drivers/STM32F1xx_HAL_Driver/Src/stm32f1xx_hal.o
 .debug_line    0x00002d19      0xf6a ./Drivers/STM32F1xx_HAL_Driver/Src/stm32f1xx_hal_adc.o
 .debug_line    0x00003c83      0xc8c ./Drivers/STM32F1xx_HAL_Driver/Src/stm32f1xx_hal_adc_ex.o
 .debug_line    0x0000490f     0x113e ./Drivers/STM32F1xx_HAL_Driver/Src/stm32f1xx_hal_can.o
 .debug_line    0x00005a4d      0xb0f ./Drivers/STM32F1xx_HAL_Driver/Src/stm32f1xx_hal_cortex.o
 .debug_line    0x0000655c      0x9a2 ./Drivers/STM32F1xx_HAL_Driver/Src/stm32f1xx_hal_gpio.o
 .debug_line    0x00006efe      0xdfe ./Drivers/STM32F1xx_HAL_Driver/Src/stm32f1xx_hal_rcc.o
 .debug_line    0x00007cfc      0x8af ./Drivers/STM32F1xx_HAL_Driver/Src/stm32f1xx_hal_rcc_ex.o
 .debug_line    0x000085ab     0x3433 ./Drivers/STM32F1xx_HAL_Driver/Src/stm32f1xx_hal_tim.o
 .debug_line    0x0000b9de     0x1809 ./Drivers/STM32F1xx_HAL_Driver/Src/stm32f1xx_hal_tim_ex.o

.debug_str      0x00000000    0x90064
 .debug_str     0x00000000    0x90064 ./Core/Src/main.o
                              0x8d8d8 (size before relaxing)
 .debug_str     0x00090064    0x893cb ./Core/Src/stm32f1xx_hal_msp.o
 .debug_str     0x00090064    0x89012 ./Core/Src/stm32f1xx_it.o
 .debug_str     0x00090064    0x886fe ./Core/Src/system_stm32f1xx.o
 .debug_str     0x00090064       0x9c ./Core/Startup/startup_stm32f103c8tx.o
 .debug_str     0x00090064    0x88e31 ./Drivers/STM32F1xx_HAL_Driver/Src/stm32f1xx_hal.o
 .debug_str     0x00090064    0x88de2 ./Drivers/STM32F1xx_HAL_Driver/Src/stm32f1xx_hal_adc.o
 .debug_str     0x00090064    0x88db2 ./Drivers/STM32F1xx_HAL_Driver/Src/stm32f1xx_hal_adc_ex.o
 .debug_str     0x00090064    0x88f06 ./Drivers/STM32F1xx_HAL_Driver/Src/stm32f1xx_hal_can.o
 .debug_str     0x00090064    0x88d7d ./Drivers/STM32F1xx_HAL_Driver/Src/stm32f1xx_hal_cortex.o
 .debug_str     0x00090064    0x88a84 ./Drivers/STM32F1xx_HAL_Driver/Src/stm32f1xx_hal_gpio.o
 .debug_str     0x00090064    0x88b2d ./Drivers/STM32F1xx_HAL_Driver/Src/stm32f1xx_hal_rcc.o
 .debug_str     0x00090064    0x8887d ./Drivers/STM32F1xx_HAL_Driver/Src/stm32f1xx_hal_rcc_ex.o
 .debug_str     0x00090064    0x89b2f ./Drivers/STM32F1xx_HAL_Driver/Src/stm32f1xx_hal_tim.o
 .debug_str     0x00090064    0x8933b ./Drivers/STM32F1xx_HAL_Driver/Src/stm32f1xx_hal_tim_ex.o

.comment        0x00000000       0x43
 .comment       0x00000000       0x43 ./Core/Src/main.o
                                 0x44 (size before relaxing)
 .comment       0x00000043       0x44 ./Core/Src/stm32f1xx_hal_msp.o
 .comment       0x00000043       0x44 ./Core/Src/stm32f1xx_it.o
 .comment       0x00000043       0x44 ./Core/Src/system_stm32f1xx.o
 .comment       0x00000043       0x44 ./Drivers/STM32F1xx_HAL_Driver/Src/stm32f1xx_hal.o
 .comment       0x00000043       0x44 ./Drivers/STM32F1xx_HAL_Driver/Src/stm32f1xx_hal_adc.o
 .comment       0x00000043       0x44 ./Drivers/STM32F1xx_HAL_Driver/Src/stm32f1xx_hal_adc_ex.o
 .comment       0x00000043       0x44 ./Drivers/STM32F1xx_HAL_Driver/Src/stm32f1xx_hal_can.o
 .comment       0x00000043       0x44 ./Drivers/STM32F1xx_HAL_Driver/Src/stm32f1xx_hal_cortex.o
 .comment       0x00000043       0x44 ./Drivers/STM32F1xx_HAL_Driver/Src/stm32f1xx_hal_gpio.o
 .comment       0x00000043       0x44 ./Drivers/STM32F1xx_HAL_Driver/Src/stm32f1xx_hal_rcc.o
 .comment       0x00000043       0x44 ./Drivers/STM32F1xx_HAL_Driver/Src/stm32f1xx_hal_rcc_ex.o
 .comment       0x00000043       0x44 ./Drivers/STM32F1xx_HAL_Driver/Src/stm32f1xx_hal_tim.o
 .comment       0x00000043       0x44 ./Drivers/STM32F1xx_HAL_Driver/Src/stm32f1xx_hal_tim_ex.o

.debug_frame    0x00000000     0x36f4
 .debug_frame   0x00000000      0x1c0 ./Core/Src/main.o
 .debug_frame   0x000001c0      0x184 ./Core/Src/stm32f1xx_hal_msp.o
 .debug_frame   0x00000344      0x158 ./Core/Src/stm32f1xx_it.o
 .debug_frame   0x0000049c       0x58 ./Core/Src/system_stm32f1xx.o
 .debug_frame   0x000004f4      0x334 ./Drivers/STM32F1xx_HAL_Driver/Src/stm32f1xx_hal.o
 .debug_frame   0x00000828      0x40c ./Drivers/STM32F1xx_HAL_Driver/Src/stm32f1xx_hal_adc.o
 .debug_frame   0x00000c34      0x200 ./Drivers/STM32F1xx_HAL_Driver/Src/stm32f1xx_hal_adc_ex.o
 .debug_frame   0x00000e34      0x5a0 ./Drivers/STM32F1xx_HAL_Driver/Src/stm32f1xx_hal_can.o
 .debug_frame   0x000013d4      0x428 ./Drivers/STM32F1xx_HAL_Driver/Src/stm32f1xx_hal_cortex.o
 .debug_frame   0x000017fc      0x14c ./Drivers/STM32F1xx_HAL_Driver/Src/stm32f1xx_hal_gpio.o
 .debug_frame   0x00001948      0x218 ./Drivers/STM32F1xx_HAL_Driver/Src/stm32f1xx_hal_rcc.o
 .debug_frame   0x00001b60       0x80 ./Drivers/STM32F1xx_HAL_Driver/Src/stm32f1xx_hal_rcc_ex.o
 .debug_frame   0x00001be0     0x11b8 ./Drivers/STM32F1xx_HAL_Driver/Src/stm32f1xx_hal_tim.o
 .debug_frame   0x00002d98      0x638 ./Drivers/STM32F1xx_HAL_Driver/Src/stm32f1xx_hal_tim_ex.o
 .debug_frame   0x000033d0       0x20 /home/harshit/st/stm32cubeide_1.19.0/plugins/com.st.stm32cube.ide.mcu.externaltools.gnu-tools-for-stm32.13.3.rel1.linux64_1.0.0.202410170706/tools/bin/../lib/gcc/arm-none-eabi/13.3.1/../../../../arm-none-eabi/lib/thumb/v7-m/nofp/libc_nano.a(libc_a-memset.o)
 .debug_frame   0x000033f0       0x2c /home/harshit/st/stm32cubeide_1.19.0/plugins/com.st.stm32cube.ide.mcu.externaltools.gnu-tools-for-stm32.13.3.rel1.linux64_1.0.0.202410170706/tools/bin/../lib/gcc/arm-none-eabi/13.3.1/../../../../arm-none-eabi/lib/thumb/v7-m/nofp/libc_nano.a(libc_a-init.o)
 .debug_frame   0x0000341c       0xac /home/harshit/st/stm32cubeide_1.19.0/plugins/com.st.stm32cube.ide.mcu.externaltools.gnu-tools-for-stm32.13.3.rel1.linux64_1.0.0.202410170706/tools/bin/../lib/gcc/arm-none-eabi/13.3.1/thumb/v7-m/nofp/libgcc.a(_arm_addsubdf3.o)
 .debug_frame   0x000034c8       0x50 /home/harshit/st/stm32cubeide_1.19.0/plugins/com.st.stm32cube.ide.mcu.externaltools.gnu-tools-for-stm32.13.3.rel1.linux64_1.0.0.202410170706/tools/bin/../lib/gcc/arm-none-eabi/13.3.1/thumb/v7-m/nofp/libgcc.a(_arm_muldivdf3.o)
 .debug_frame   0x00003518       0x24 /home/harshit/st/stm32cubeide_1.19.0/plugins/com.st.stm32cube.ide.mcu.externaltools.gnu-tools-for-stm32.13.3.rel1.linux64_1.0.0.202410170706/tools/bin/../lib/gcc/arm-none-eabi/13.3.1/thumb/v7-m/nofp/libgcc.a(_arm_fixunsdfsi.o)
 .debug_frame   0x0000353c       0x24 /home/harshit/st/stm32cubeide_1.19.0/plugins/com.st.stm32cube.ide.mcu.externaltools.gnu-tools-for-stm32.13.3.rel1.linux64_1.0.0.202410170706/tools/bin/../lib/gcc/arm-none-eabi/13.3.1/thumb/v7-m/nofp/libgcc.a(_arm_truncdfsf2.o)
 .debug_frame   0x00003560       0x4c /home/harshit/st/stm32cubeide_1.19.0/plugins/com.st.stm32cube.ide.mcu.externaltools.gnu-tools-for-stm32.13.3.rel1.linux64_1.0.0.202410170706/tools/bin/../lib/gcc/arm-none-eabi/13.3.1/thumb/v7-m/nofp/libgcc.a(_arm_addsubsf3.o)
 .debug_frame   0x000035ac       0x38 /home/harshit/st/stm32cubeide_1.19.0/plugins/com.st.stm32cube.ide.mcu.externaltools.gnu-tools-for-stm32.13.3.rel1.linux64_1.0.0.202410170706/tools/bin/../lib/gcc/arm-none-eabi/13.3.1/thumb/v7-m/nofp/libgcc.a(_arm_muldivsf3.o)
 .debug_frame   0x000035e4       0xc8 /home/harshit/st/stm32cubeide_1.19.0/plugins/com.st.stm32cube.ide.mcu.externaltools.gnu-tools-for-stm32.13.3.rel1.linux64_1.0.0.202410170706/tools/bin/../lib/gcc/arm-none-eabi/13.3.1/thumb/v7-m/nofp/libgcc.a(_arm_cmpsf2.o)
 .debug_frame   0x000036ac       0x24 /home/harshit/st/stm32cubeide_1.19.0/plugins/com.st.stm32cube.ide.mcu.externaltools.gnu-tools-for-stm32.13.3.rel1.linux64_1.0.0.202410170706/tools/bin/../lib/gcc/arm-none-eabi/13.3.1/thumb/v7-m/nofp/libgcc.a(_arm_fixsfsi.o)
 .debug_frame   0x000036d0       0x24 /home/harshit/st/stm32cubeide_1.19.0/plugins/com.st.stm32cube.ide.mcu.externaltools.gnu-tools-for-stm32.13.3.rel1.linux64_1.0.0.202410170706/tools/bin/../lib/gcc/arm-none-eabi/13.3.1/thumb/v7-m/nofp/libgcc.a(_arm_fixunssfsi.o)

.debug_line_str
                0x00000000       0x80
 .debug_line_str
                0x00000000       0x80 ./Core/Startup/startup_stm32f103c8tx.o
